BIOSCOMM.INC
BIOSCOMM.INT
DUALCOMM.INC
DUALCOMM.INT
EXTUSER.DCL
EXTUSER.INC
EXTUSER.INT
INTRCOMM.INC
INTRCOMM.INT
PROABAND.INC
PROABAND.INT
PROARC.INC
PROARC.INT
PROARC.PAS
PROARCM.INC
PROARCM.INT
PROAUTO.INC
PROAUTO.INT
PROBLT.PAS
PROBUILD.INC
PROBUILD.INT
PROBYE.PAS
PROCAP.INC
PROCAP.INT
PROCHAT.INC
PROCHAT.INT
PROCLV.INC
PROCLV.INT
PROCOLR.INC
PROCOLR.INT
PROCOMM.INC
PROCOMM.INT
PROCONF.DCL
PROCONF.INC
PROCONF.INT
PROCREAT.INC
PROCREAT.INT
PROCREG.INC
PROCREG.INT
PROCTL.INC
PROCTL.INT
PRODATA.PAS
PRODEF.INC
PRODIR.PAS
PRODISP.INC
PRODISP.INT
PRODOOR.LST
PRODOOR.PAS
PROEDIT.INC
PROEDIT.INT
PROENTER.INC
PROENTER.INT
PROENTER.PAS
PROERROR.INC
PROERROR.INT
PROEST.INC
PROEST.INT
PROFILE.INC
PROFILE.INT
PROFLAG.INC
PROFLAG.INT
PROFNAME.DCL
PROFREE.INC
PROFREE.INT
PROFSEC.INC
PROFSEC.INT
PROINT.DCL
PROINT.INC
PROINT.INT
PROINT2.INC
PROINT2.INT
PROJOIN.INC
PROJOIN.INT
PROJOIN.PAS
PROLIB.INC
PROLIB.INT
PROLOG.PAS
PROLOGFT.INC
PROLOGFT.INT
PROLOGIO.INC
PROLOGIO.INT
PROMAIL.INC
PROMAIL.INT
PROMAIL.PAS
PROMENU.INC
PROMENU.INT
PROMENU.PAS
PROMSGS.DCL
PROMSGS.INC
PROMSGS.INT
PROMSGS2.INC
PROMSGS2.INT
PRONODE.INC
PRONODE.INT
PROOPEN.PAS
PROOVR.INC
PROOVR.PAS
PROPREP.INC
PROPREP.INT
PROPRO.INC
PROPRO.INT
PROPROF.INC
PROPROF.INT
PROREAD.INC
PROREAD.INT
PROREAD.PAS
PROREGL.PAS
PROREM.INC
PROREM.INT
PROROOT.PAS
PROSCAN.PAS
PROSCRIP.INC
PROSCRIP.INT
PROSEL.INC
PROSEL.INT
PROSTAT.INC
PROSTAT.INT
PROSYSF.PAS
PROSYSOP.INC
PROSYSOP.INT
PROTAB.INC
PROTAB.INT
PROTEST.INC
PROTEST.INT
PROTRAN.PAS
PROULDES.INC
PROULDES.INT
PROUTIL.INC
PROUTIL.INT
PROVIEW.PAS
PROVIS.INC
PROVIS.INT
PROVIS.PAS
PROWRIT.INC
PROWRIT.INT
PROXPRT.INC
PROXPRT.INT
